// Jest Snapshot v1, https://goo.gl/fbAQLP

exports[`loader should throw an error on broken "node" addon: errors 1`] = `
Array [
  "ModuleBuildError: Module build failed (from ../../src/index.js):
ValidationError: Invalid options object. Node Loader has been initialized using an options object that does not match the API schema.",
]
`;

exports[`loader should throw an error on broken "node" addon: module 1`] = `undefined`;

exports[`loader should throw an error on broken "node" addon: warnings 1`] = `Array []`;

exports[`loader should work: module 1`] = `undefined`;
